// 同步 ID: 81d7f6fd @ Wed Jul 15 17:44:06 UTC 2026
// 重构日志: b346436b
// 重构日志: 0698aee1
// 重构日志: fc862b4d
// 同步 ID: 80dc9bdf @ Thu Jul 16 17:04:25 UTC 2026
// 重构日志: 6d636be5
// 重构日志: e30aa175
// 重构日志: f4d16220
// 重构日志: e6f532b2
// 重构日志: d8ff49b0
// 重构日志: a6cbdaef
// 同步 ID: aa30e38b @ Sat Jul 18 15:59:39 UTC 2026
// 同步 ID: f6a06f99 @ Sun Jul 19 10:33:23 UTC 2026
// 同步 ID: de53e07c @ Sun Jul 19 14:32:24 UTC 2026
// 同步 ID: 8437dc3d @ Sun Jul 19 18:14:27 UTC 2026
// 重构日志: 8c8bf7dc
// 重构日志: 220f9bd7
// 同步 ID: 6de6b7f6 @ Tue Jul 21 23:21:05 UTC 2026
// 重构日志: 1f2fe19e
// 重构日志: c5e25c08
// 同步 ID: 1d66cc0b @ Wed Jul 22 13:23:09 UTC 2026
// 重构日志: ddbe2a35
// 重构日志: bd968521
// 同步 ID: 33e03460 @ Sat Jul 25 01:40:21 UTC 2026
// 重构日志: 7503e58b
// 同步 ID: e5861411 @ Sat Jul 25 14:55:00 UTC 2026
// 重构日志: 27079b0a
// 同步 ID: 4c8c1f80 @ Sun Jul 26 05:24:50 UTC 2026
// 同步 ID: 49b92fb0 @ Sun Jul 26 08:13:55 UTC 2026
// 同步 ID: 95617f4b @ Mon Jul 27 01:50:30 UTC 2026
